// Jest Snapshot v1, https://jestjs.io/docs/snapshot-testing

exports[`importFromV8ProfLog 1`] = `
{
  "frames": [
    Frame {
      "col": 4,
      "file": "/tmp/demo.js",
      "key": "outer /tmp/demo.js:10:4",
      "line": 10,
      "name": "outer",
      "selfWeight": 0,
      "totalWeight": 15,
    },
    Frame {
      "col": 8,
      "file": "/tmp/demo.js",
      "key": "inner /tmp/demo.js:20:8",
      "line": 20,
      "name": "inner",
      "selfWeight": 5,
      "totalWeight": 5,
    },
    Frame {
      "col": undefined,
      "file": undefined,
      "key": "(IC) LoadICStub",
      "line": undefined,
      "name": "(IC) LoadICStub",
      "selfWeight": 2,
      "totalWeight": 2,
    },
    Frame {
      "col": undefined,
      "file": undefined,
      "key": "(c++) Foo::Bar",
      "line": undefined,
      "name": "(c++) Foo::Bar",
      "selfWeight": 3,
      "totalWeight": 3,
    },
    Frame {
      "col": undefined,
      "file": undefined,
      "key": 99,
      "line": undefined,
      "name": "0x63",
      "selfWeight": 2,
      "totalWeight": 2,
    },
    Frame {
      "col": undefined,
      "file": undefined,
      "key": "(unknown type)",
      "line": undefined,
      "name": "(unknown type)",
      "selfWeight": 3,
      "totalWeight": 3,
    },
  ],
  "name": "fixture.v8log.json",
  "stacks": [
    "outer;inner 5.00µs",
    "outer;(IC) LoadICStub 2.00µs",
    "outer;(c++) Foo::Bar 3.00µs",
    "outer;0x63 2.00µs",
    "outer;(unknown type) 3.00µs",
  ],
}
`;
